2026-09-15 21:55:46,905 INFO o.a.j.u.JMeterUtils: Setting Locale to en_EN
2026-09-15 21:55:46,996 INFO o.a.j.JMeter: Loading user properties from: D:\AI PROJECTS\.cp08-tools-win\apache-jmeter-5.6.3\bin\user.properties
2026-09-15 21:55:46,996 INFO o.a.j.JMeter: Loading system properties from: D:\AI PROJECTS\.cp08-tools-win\apache-jmeter-5.6.3\bin\system.properties
2026-09-15 21:55:47,025 INFO o.a.j.JMeter: Copyright (c) 1998-2024 The Apache Software Foundation
2026-09-15 21:55:47,025 INFO o.a.j.JMeter: Version 5.6.3
2026-09-15 21:55:47,025 INFO o.a.j.JMeter: java.version=17.0.20.1
2026-09-15 21:55:47,025 INFO o.a.j.JMeter: java.vm.name=OpenJDK 64-Bit Server VM
2026-09-15 21:55:47,025 INFO o.a.j.JMeter: os.name=Windows 10
2026-09-15 21:55:47,025 INFO o.a.j.JMeter: os.arch=amd64
2026-09-15 21:55:47,025 INFO o.a.j.JMeter: os.version=10.0
2026-09-15 21:55:47,025 INFO o.a.j.JMeter: file.encoding=Cp1252
2026-09-15 21:55:47,025 INFO o.a.j.JMeter: java.awt.headless=true
2026-09-15 21:55:47,025 INFO o.a.j.JMeter: Max memory     =1073741824
2026-09-15 21:55:47,025 INFO o.a.j.JMeter: Available Processors =4
2026-09-15 21:55:47,065 INFO o.a.j.JMeter: Default Locale=English (EN)
2026-09-15 21:55:47,067 INFO o.a.j.JMeter: JMeter  Locale=English (EN)
2026-09-15 21:55:47,067 INFO o.a.j.JMeter: JMeterHome=D:\AI PROJECTS\.cp08-tools-win\apache-jmeter-5.6.3
2026-09-15 21:55:47,067 INFO o.a.j.JMeter: user.dir  =D:\AI PROJECTS\agentic-qe-mvp2\performance\jmeter
2026-09-15 21:55:47,067 INFO o.a.j.JMeter: PWD       =D:\AI PROJECTS\agentic-qe-mvp2\performance\jmeter
2026-09-15 21:55:47,075 INFO o.a.j.JMeter: IP: 172.25.192.1 Name: VaijLPTP FullName: VaijLPTP.mshome.net
2026-09-15 21:55:47,136 INFO o.a.j.s.FileServer: Default base='D:\AI PROJECTS\agentic-qe-mvp2\performance\jmeter'
2026-09-15 21:55:47,136 INFO o.a.j.s.FileServer: Set new base='D:\AI PROJECTS\agentic-qe-mvp2\performance\jmeter\scenarios'
2026-09-15 21:55:47,870 INFO o.a.j.s.SaveService: Testplan (JMX) version: 2.2. Testlog (JTL) version: 2.2
2026-09-15 21:55:47,985 INFO o.a.j.s.SaveService: Using SaveService properties version 5.0
2026-09-15 21:55:47,985 INFO o.a.j.s.SaveService: Using SaveService properties file encoding UTF-8
2026-09-15 21:55:48,001 INFO o.a.j.s.SaveService: Loading file: scenarios\PERF-REQ-SRCH-01-search.jmx
2026-09-15 21:55:48,179 INFO o.a.j.p.h.s.HTTPSamplerBase: Parser for text/html is org.apache.jmeter.protocol.http.parser.LagartoBasedHtmlParser
2026-09-15 21:55:48,179 INFO o.a.j.p.h.s.HTTPSamplerBase: Parser for application/xhtml+xml is org.apache.jmeter.protocol.http.parser.LagartoBasedHtmlParser
2026-09-15 21:55:48,179 INFO o.a.j.p.h.s.HTTPSamplerBase: Parser for application/xml is org.apache.jmeter.protocol.http.parser.LagartoBasedHtmlParser
2026-09-15 21:55:48,179 INFO o.a.j.p.h.s.HTTPSamplerBase: Parser for text/xml is org.apache.jmeter.protocol.http.parser.LagartoBasedHtmlParser
2026-09-15 21:55:48,179 INFO o.a.j.p.h.s.HTTPSamplerBase: Parser for text/vnd.wap.wml is org.apache.jmeter.protocol.http.parser.RegexpHTMLParser
2026-09-15 21:55:48,179 INFO o.a.j.p.h.s.HTTPSamplerBase: Parser for text/css is org.apache.jmeter.protocol.http.parser.CssParser
2026-09-15 21:55:48,221 INFO o.a.j.JMeter: Creating summariser <summary>
2026-09-15 21:55:48,278 INFO o.a.j.e.StandardJMeterEngine: Running the test!
2026-09-15 21:55:48,278 INFO o.a.j.s.SampleEvent: List of sample_variables: []
2026-09-15 21:55:48,278 INFO o.a.j.s.SampleEvent: List of sample_variables: []
2026-09-15 21:55:48,293 INFO o.a.j.e.u.CompoundVariable: Note: Function class names must contain the string: '.functions.'
2026-09-15 21:55:48,293 INFO o.a.j.e.u.CompoundVariable: Note: Function class names must not contain the string: '.gui.'
2026-09-15 21:55:48,478 INFO o.a.j.JMeter: Running test (1789489548478)
2026-09-15 21:55:48,525 INFO o.a.j.e.StandardJMeterEngine: Starting ThreadGroup: 1 : REQ-SRCH-01 Search Users
2026-09-15 21:55:48,525 INFO o.a.j.e.StandardJMeterEngine: Starting 3 threads for group REQ-SRCH-01 Search Users.
2026-09-15 21:55:48,525 INFO o.a.j.e.StandardJMeterEngine: Thread will continue on error
2026-09-15 21:55:48,525 INFO o.a.j.t.ThreadGroup: Starting thread group... number=1 threads=3 ramp-up=3 delayedStart=false
2026-09-15 21:55:48,540 INFO o.a.j.t.ThreadGroup: Started thread group number 1
2026-09-15 21:55:48,540 INFO o.a.j.e.StandardJMeterEngine: All thread groups have been started
2026-09-15 21:55:48,638 INFO o.a.j.t.JMeterThread: Thread started: REQ-SRCH-01 Search Users 1-1
2026-09-15 21:55:48,641 INFO o.a.j.s.FileServer: Stored: data/search_terms.csv
2026-09-15 21:55:49,642 INFO o.a.j.t.JMeterThread: Thread started: REQ-SRCH-01 Search Users 1-2
2026-09-15 21:55:49,716 INFO o.a.j.p.h.s.HTTPHCAbstractImpl: Local host = VaijLPTP
2026-09-15 21:55:49,733 INFO o.a.j.p.h.s.HTTPHC4Impl: HTTP request retry count = 0
2026-09-15 21:55:49,736 INFO o.a.j.s.SampleResult: Note: Sample TimeStamps are START times
2026-09-15 21:55:49,736 INFO o.a.j.s.SampleResult: sampleresult.default.encoding is set to UTF-8
2026-09-15 21:55:49,737 INFO o.a.j.s.SampleResult: sampleresult.useNanoTime=true
2026-09-15 21:55:49,737 INFO o.a.j.s.SampleResult: sampleresult.nanoThreadSleep=5000
2026-09-15 21:55:49,987 INFO o.a.j.p.h.s.h.LazyLayeredConnectionSocketFactory: Setting up HTTPS TrustAll Socket Factory
2026-09-15 21:55:50,009 INFO o.a.j.u.JsseSSLManager: Using default SSL protocol: TLS
2026-09-15 21:55:50,009 INFO o.a.j.u.JsseSSLManager: SSL session context: per-thread
2026-09-15 21:55:50,386 INFO o.a.j.u.SSLManager: JmeterKeyStore Location:  type JKS
2026-09-15 21:55:50,394 INFO o.a.j.u.SSLManager: KeyStore created OK
2026-09-15 21:55:50,394 WARN o.a.j.u.SSLManager: Keystore file not found, loading empty keystore
2026-09-15 21:55:50,639 INFO o.a.j.t.JMeterThread: Thread started: REQ-SRCH-01 Search Users 1-3
2026-09-15 21:55:53,548 INFO o.a.j.t.JMeterThread: Thread is done: REQ-SRCH-01 Search Users 1-1
2026-09-15 21:55:53,548 INFO o.a.j.t.JMeterThread: Thread finished: REQ-SRCH-01 Search Users 1-1
2026-09-15 21:55:53,649 INFO o.a.j.t.JMeterThread: Thread is done: REQ-SRCH-01 Search Users 1-2
2026-09-15 21:55:53,649 INFO o.a.j.t.JMeterThread: Thread finished: REQ-SRCH-01 Search Users 1-2
2026-09-15 21:55:54,382 INFO o.a.j.t.JMeterThread: Thread is done: REQ-SRCH-01 Search Users 1-3
2026-09-15 21:55:54,382 INFO o.a.j.t.JMeterThread: Thread finished: REQ-SRCH-01 Search Users 1-3
2026-09-15 21:55:54,382 INFO o.a.j.e.StandardJMeterEngine: Notifying test listeners of end of test
2026-09-15 21:55:54,382 INFO o.a.j.s.FileServer: Close: data/search_terms.csv
2026-09-15 21:55:54,382 INFO o.a.j.r.Summariser: summary =      6 in 00:00:06 =    1.0/s Avg:  1059 Min:   619 Max:  1993 Err:     0 (0.00%)
