2026-09-15 20:33:53,499 INFO o.a.j.u.JMeterUtils: Setting Locale to en_EN
2026-09-15 20:33:53,530 INFO o.a.j.JMeter: Loading user properties from: D:\AI PROJECTS\.cp08-tools-win\apache-jmeter-5.6.3\bin\user.properties
2026-09-15 20:33:53,530 INFO o.a.j.JMeter: Loading system properties from: D:\AI PROJECTS\.cp08-tools-win\apache-jmeter-5.6.3\bin\system.properties
2026-09-15 20:33:53,530 INFO o.a.j.JMeter: Copyright (c) 1998-2024 The Apache Software Foundation
2026-09-15 20:33:53,530 INFO o.a.j.JMeter: Version 5.6.3
2026-09-15 20:33:53,530 INFO o.a.j.JMeter: java.version=17.0.20.1
2026-09-15 20:33:53,530 INFO o.a.j.JMeter: java.vm.name=OpenJDK 64-Bit Server VM
2026-09-15 20:33:53,530 INFO o.a.j.JMeter: os.name=Windows 10
2026-09-15 20:33:53,530 INFO o.a.j.JMeter: os.arch=amd64
2026-09-15 20:33:53,530 INFO o.a.j.JMeter: os.version=10.0
2026-09-15 20:33:53,530 INFO o.a.j.JMeter: file.encoding=Cp1252
2026-09-15 20:33:53,530 INFO o.a.j.JMeter: java.awt.headless=true
2026-09-15 20:33:53,530 INFO o.a.j.JMeter: Max memory     =1073741824
2026-09-15 20:33:53,530 INFO o.a.j.JMeter: Available Processors =4
2026-09-15 20:33:53,550 INFO o.a.j.JMeter: Default Locale=English (EN)
2026-09-15 20:33:53,550 INFO o.a.j.JMeter: JMeter  Locale=English (EN)
2026-09-15 20:33:53,564 INFO o.a.j.JMeter: JMeterHome=D:\AI PROJECTS\.cp08-tools-win\apache-jmeter-5.6.3
2026-09-15 20:33:53,564 INFO o.a.j.JMeter: user.dir  =D:\AI PROJECTS\agentic-qe-mvp2\performance\jmeter
2026-09-15 20:33:53,564 INFO o.a.j.JMeter: PWD       =D:\AI PROJECTS\agentic-qe-mvp2\performance\jmeter
2026-09-15 20:33:53,564 INFO o.a.j.JMeter: IP: 172.25.192.1 Name: VaijLPTP FullName: VaijLPTP.mshome.net
2026-09-15 20:33:53,580 INFO o.a.j.s.FileServer: Default base='D:\AI PROJECTS\agentic-qe-mvp2\performance\jmeter'
2026-09-15 20:33:53,580 INFO o.a.j.s.FileServer: Set new base='D:\AI PROJECTS\agentic-qe-mvp2\performance\jmeter\scenarios'
2026-09-15 20:33:54,014 INFO o.a.j.s.SaveService: Testplan (JMX) version: 2.2. Testlog (JTL) version: 2.2
2026-09-15 20:33:54,064 INFO o.a.j.s.SaveService: Using SaveService properties version 5.0
2026-09-15 20:33:54,064 INFO o.a.j.s.SaveService: Using SaveService properties file encoding UTF-8
2026-09-15 20:33:54,064 INFO o.a.j.s.SaveService: Loading file: scenarios\PERF-REQ-SRCH-01-search.jmx
2026-09-15 20:33:54,199 INFO o.a.j.p.h.s.HTTPSamplerBase: Parser for text/html is org.apache.jmeter.protocol.http.parser.LagartoBasedHtmlParser
2026-09-15 20:33:54,199 INFO o.a.j.p.h.s.HTTPSamplerBase: Parser for application/xhtml+xml is org.apache.jmeter.protocol.http.parser.LagartoBasedHtmlParser
2026-09-15 20:33:54,199 INFO o.a.j.p.h.s.HTTPSamplerBase: Parser for application/xml is org.apache.jmeter.protocol.http.parser.LagartoBasedHtmlParser
2026-09-15 20:33:54,199 INFO o.a.j.p.h.s.HTTPSamplerBase: Parser for text/xml is org.apache.jmeter.protocol.http.parser.LagartoBasedHtmlParser
2026-09-15 20:33:54,199 INFO o.a.j.p.h.s.HTTPSamplerBase: Parser for text/vnd.wap.wml is org.apache.jmeter.protocol.http.parser.RegexpHTMLParser
2026-09-15 20:33:54,199 INFO o.a.j.p.h.s.HTTPSamplerBase: Parser for text/css is org.apache.jmeter.protocol.http.parser.CssParser
2026-09-15 20:33:54,231 INFO o.a.j.JMeter: Creating summariser <summary>
2026-09-15 20:33:54,264 INFO o.a.j.e.StandardJMeterEngine: Running the test!
2026-09-15 20:33:54,264 INFO o.a.j.s.SampleEvent: List of sample_variables: []
2026-09-15 20:33:54,264 INFO o.a.j.s.SampleEvent: List of sample_variables: []
2026-09-15 20:33:54,281 INFO o.a.j.e.u.CompoundVariable: Note: Function class names must contain the string: '.functions.'
2026-09-15 20:33:54,281 INFO o.a.j.e.u.CompoundVariable: Note: Function class names must not contain the string: '.gui.'
2026-09-15 20:33:54,435 INFO o.a.j.JMeter: Running test (1789484634435)
2026-09-15 20:33:54,471 INFO o.a.j.e.StandardJMeterEngine: Starting ThreadGroup: 1 : REQ-SRCH-01 Search Users
2026-09-15 20:33:54,471 INFO o.a.j.e.StandardJMeterEngine: Starting 3 threads for group REQ-SRCH-01 Search Users.
2026-09-15 20:33:54,471 INFO o.a.j.e.StandardJMeterEngine: Thread will continue on error
2026-09-15 20:33:54,471 INFO o.a.j.t.ThreadGroup: Starting thread group... number=1 threads=3 ramp-up=3 delayedStart=false
2026-09-15 20:33:54,484 INFO o.a.j.t.ThreadGroup: Started thread group number 1
2026-09-15 20:33:54,484 INFO o.a.j.e.StandardJMeterEngine: All thread groups have been started
2026-09-15 20:33:54,557 INFO o.a.j.t.JMeterThread: Thread started: REQ-SRCH-01 Search Users 1-1
2026-09-15 20:33:54,557 INFO o.a.j.s.FileServer: Stored: data/search_terms.csv
2026-09-15 20:33:55,566 INFO o.a.j.t.JMeterThread: Thread started: REQ-SRCH-01 Search Users 1-2
2026-09-15 20:33:55,641 INFO o.a.j.p.h.s.HTTPHCAbstractImpl: Local host = VaijLPTP
2026-09-15 20:33:55,653 INFO o.a.j.p.h.s.HTTPHC4Impl: HTTP request retry count = 0
2026-09-15 20:33:55,655 INFO o.a.j.s.SampleResult: Note: Sample TimeStamps are START times
2026-09-15 20:33:55,656 INFO o.a.j.s.SampleResult: sampleresult.default.encoding is set to UTF-8
2026-09-15 20:33:55,656 INFO o.a.j.s.SampleResult: sampleresult.useNanoTime=true
2026-09-15 20:33:55,656 INFO o.a.j.s.SampleResult: sampleresult.nanoThreadSleep=5000
2026-09-15 20:33:55,819 INFO o.a.j.p.h.s.h.LazyLayeredConnectionSocketFactory: Setting up HTTPS TrustAll Socket Factory
2026-09-15 20:33:55,843 INFO o.a.j.u.JsseSSLManager: Using default SSL protocol: TLS
2026-09-15 20:33:55,844 INFO o.a.j.u.JsseSSLManager: SSL session context: per-thread
2026-09-15 20:33:56,142 INFO o.a.j.u.SSLManager: JmeterKeyStore Location:  type JKS
2026-09-15 20:33:56,148 INFO o.a.j.u.SSLManager: KeyStore created OK
2026-09-15 20:33:56,148 WARN o.a.j.u.SSLManager: Keystore file not found, loading empty keystore
2026-09-15 20:33:56,548 INFO o.a.j.t.JMeterThread: Thread started: REQ-SRCH-01 Search Users 1-3
2026-09-15 20:33:59,153 INFO o.a.j.t.JMeterThread: Thread is done: REQ-SRCH-01 Search Users 1-1
2026-09-15 20:33:59,153 INFO o.a.j.t.JMeterThread: Thread finished: REQ-SRCH-01 Search Users 1-1
2026-09-15 20:33:59,453 INFO o.a.j.t.JMeterThread: Thread is done: REQ-SRCH-01 Search Users 1-2
2026-09-15 20:33:59,453 INFO o.a.j.t.JMeterThread: Thread finished: REQ-SRCH-01 Search Users 1-2
2026-09-15 20:34:00,301 INFO o.a.j.r.Summariser: summary +      6 in 00:00:06 =    1.0/s Avg:   995 Min:   628 Max:  1752 Err:     0 (0.00%) Active: 1 Started: 3 Finished: 2
2026-09-15 20:34:00,301 INFO o.a.j.t.JMeterThread: Thread is done: REQ-SRCH-01 Search Users 1-3
2026-09-15 20:34:00,301 INFO o.a.j.t.JMeterThread: Thread finished: REQ-SRCH-01 Search Users 1-3
2026-09-15 20:34:00,301 INFO o.a.j.e.StandardJMeterEngine: Notifying test listeners of end of test
2026-09-15 20:34:00,301 INFO o.a.j.s.FileServer: Close: data/search_terms.csv
2026-09-15 20:34:00,301 INFO o.a.j.r.Summariser: summary =      6 in 00:00:06 =    1.0/s Avg:   995 Min:   628 Max:  1752 Err:     0 (0.00%)
