2026-09-15 15:38:51,902 INFO o.a.j.u.JMeterUtils: Setting Locale to en_EN
2026-09-15 15:38:51,933 INFO o.a.j.JMeter: Loading user properties from: D:\AI PROJECTS\.cp08-tools-win\apache-jmeter-5.6.3\bin\user.properties
2026-09-15 15:38:51,949 INFO o.a.j.JMeter: Loading system properties from: D:\AI PROJECTS\.cp08-tools-win\apache-jmeter-5.6.3\bin\system.properties
2026-09-15 15:38:51,949 INFO o.a.j.JMeter: Copyright (c) 1998-2024 The Apache Software Foundation
2026-09-15 15:38:51,949 INFO o.a.j.JMeter: Version 5.6.3
2026-09-15 15:38:51,949 INFO o.a.j.JMeter: java.version=17.0.20.1
2026-09-15 15:38:51,949 INFO o.a.j.JMeter: java.vm.name=OpenJDK 64-Bit Server VM
2026-09-15 15:38:51,949 INFO o.a.j.JMeter: os.name=Windows 10
2026-09-15 15:38:51,949 INFO o.a.j.JMeter: os.arch=amd64
2026-09-15 15:38:51,949 INFO o.a.j.JMeter: os.version=10.0
2026-09-15 15:38:51,949 INFO o.a.j.JMeter: file.encoding=Cp1252
2026-09-15 15:38:51,949 INFO o.a.j.JMeter: java.awt.headless=true
2026-09-15 15:38:51,949 INFO o.a.j.JMeter: Max memory     =1073741824
2026-09-15 15:38:51,949 INFO o.a.j.JMeter: Available Processors =4
2026-09-15 15:38:51,964 INFO o.a.j.JMeter: Default Locale=English (EN)
2026-09-15 15:38:51,964 INFO o.a.j.JMeter: JMeter  Locale=English (EN)
2026-09-15 15:38:51,964 INFO o.a.j.JMeter: JMeterHome=D:\AI PROJECTS\.cp08-tools-win\apache-jmeter-5.6.3
2026-09-15 15:38:51,964 INFO o.a.j.JMeter: user.dir  =D:\AI PROJECTS\agentic-qe-mvp2
2026-09-15 15:38:51,964 INFO o.a.j.JMeter: PWD       =D:\AI PROJECTS\agentic-qe-mvp2
2026-09-15 15:38:51,964 INFO o.a.j.JMeter: IP: 172.25.192.1 Name: VaijLPTP FullName: VaijLPTP.mshome.net
2026-09-15 15:38:51,980 INFO o.a.j.s.FileServer: Default base='D:\AI PROJECTS\agentic-qe-mvp2'
2026-09-15 15:38:51,996 INFO o.a.j.s.FileServer: Set new base='D:\AI PROJECTS\agentic-qe-mvp2\performance\jmeter'
2026-09-15 15:38:52,326 INFO o.a.j.s.SaveService: Testplan (JMX) version: 2.2. Testlog (JTL) version: 2.2
2026-09-15 15:38:52,374 INFO o.a.j.s.SaveService: Using SaveService properties version 5.0
2026-09-15 15:38:52,374 INFO o.a.j.s.SaveService: Using SaveService properties file encoding UTF-8
2026-09-15 15:38:52,389 INFO o.a.j.s.SaveService: Loading file: D:\AI PROJECTS\agentic-qe-mvp2\performance\jmeter\PERF-REQ-BRW-01-catalog-browse.jmx
2026-09-15 15:38:52,442 INFO o.a.j.p.h.s.HTTPSamplerBase: Parser for text/html is org.apache.jmeter.protocol.http.parser.LagartoBasedHtmlParser
2026-09-15 15:38:52,442 INFO o.a.j.p.h.s.HTTPSamplerBase: Parser for application/xhtml+xml is org.apache.jmeter.protocol.http.parser.LagartoBasedHtmlParser
2026-09-15 15:38:52,457 INFO o.a.j.p.h.s.HTTPSamplerBase: Parser for application/xml is org.apache.jmeter.protocol.http.parser.LagartoBasedHtmlParser
2026-09-15 15:38:52,457 INFO o.a.j.p.h.s.HTTPSamplerBase: Parser for text/xml is org.apache.jmeter.protocol.http.parser.LagartoBasedHtmlParser
2026-09-15 15:38:52,457 INFO o.a.j.p.h.s.HTTPSamplerBase: Parser for text/vnd.wap.wml is org.apache.jmeter.protocol.http.parser.RegexpHTMLParser
2026-09-15 15:38:52,457 INFO o.a.j.p.h.s.HTTPSamplerBase: Parser for text/css is org.apache.jmeter.protocol.http.parser.CssParser
2026-09-15 15:38:52,474 INFO o.a.j.JMeter: Creating summariser <summary>
2026-09-15 15:38:52,490 INFO o.a.j.e.StandardJMeterEngine: Running the test!
2026-09-15 15:38:52,490 INFO o.a.j.s.SampleEvent: List of sample_variables: []
2026-09-15 15:38:52,490 INFO o.a.j.s.SampleEvent: List of sample_variables: []
2026-09-15 15:38:52,505 INFO o.a.j.e.u.CompoundVariable: Note: Function class names must contain the string: '.functions.'
2026-09-15 15:38:52,505 INFO o.a.j.e.u.CompoundVariable: Note: Function class names must not contain the string: '.gui.'
2026-09-15 15:38:52,621 INFO o.a.j.JMeter: Running test (1789466932621)
2026-09-15 15:38:52,652 INFO o.a.j.e.StandardJMeterEngine: Starting ThreadGroup: 1 : REQ-BRW-01 Catalog Browse Users
2026-09-15 15:38:52,652 INFO o.a.j.e.StandardJMeterEngine: Starting 5 threads for group REQ-BRW-01 Catalog Browse Users.
2026-09-15 15:38:52,652 INFO o.a.j.e.StandardJMeterEngine: Thread will continue on error
2026-09-15 15:38:52,652 INFO o.a.j.t.ThreadGroup: Starting thread group... number=1 threads=5 ramp-up=5 delayedStart=false
2026-09-15 15:38:52,662 INFO o.a.j.t.JMeterThread: Thread started: REQ-BRW-01 Catalog Browse Users 1-1
2026-09-15 15:38:52,662 INFO o.a.j.t.ThreadGroup: Started thread group number 1
2026-09-15 15:38:52,664 INFO o.a.j.e.StandardJMeterEngine: All thread groups have been started
2026-09-15 15:38:53,670 INFO o.a.j.t.JMeterThread: Thread started: REQ-BRW-01 Catalog Browse Users 1-2
2026-09-15 15:38:54,665 INFO o.a.j.t.JMeterThread: Thread started: REQ-BRW-01 Catalog Browse Users 1-3
2026-09-15 15:38:54,710 INFO o.a.j.p.h.s.HTTPHCAbstractImpl: Local host = VaijLPTP
2026-09-15 15:38:54,718 INFO o.a.j.p.h.s.HTTPHC4Impl: HTTP request retry count = 0
2026-09-15 15:38:54,720 INFO o.a.j.s.SampleResult: Note: Sample TimeStamps are START times
2026-09-15 15:38:54,720 INFO o.a.j.s.SampleResult: sampleresult.default.encoding is set to UTF-8
2026-09-15 15:38:54,720 INFO o.a.j.s.SampleResult: sampleresult.useNanoTime=true
2026-09-15 15:38:54,720 INFO o.a.j.s.SampleResult: sampleresult.nanoThreadSleep=5000
2026-09-15 15:38:54,898 INFO o.a.j.p.h.s.h.LazyLayeredConnectionSocketFactory: Setting up HTTPS TrustAll Socket Factory
2026-09-15 15:38:54,924 INFO o.a.j.u.JsseSSLManager: Using default SSL protocol: TLS
2026-09-15 15:38:54,925 INFO o.a.j.u.JsseSSLManager: SSL session context: per-thread
2026-09-15 15:38:55,158 INFO o.a.j.u.SSLManager: JmeterKeyStore Location:  type JKS
2026-09-15 15:38:55,162 INFO o.a.j.u.SSLManager: KeyStore created OK
2026-09-15 15:38:55,162 WARN o.a.j.u.SSLManager: Keystore file not found, loading empty keystore
2026-09-15 15:38:55,656 INFO o.a.j.t.JMeterThread: Thread started: REQ-BRW-01 Catalog Browse Users 1-4
2026-09-15 15:38:56,655 INFO o.a.j.t.JMeterThread: Thread started: REQ-BRW-01 Catalog Browse Users 1-5
2026-09-15 15:39:00,115 INFO o.a.j.r.Summariser: summary +      8 in 00:00:07 =    1.1/s Avg:   842 Min:   479 Max:  1423 Err:     0 (0.00%) Active: 5 Started: 5 Finished: 0
2026-09-15 15:39:08,616 INFO o.a.j.t.JMeterThread: Thread is done: REQ-BRW-01 Catalog Browse Users 1-1
2026-09-15 15:39:08,617 INFO o.a.j.t.JMeterThread: Thread finished: REQ-BRW-01 Catalog Browse Users 1-1
2026-09-15 15:39:09,089 INFO o.a.j.t.JMeterThread: Thread is done: REQ-BRW-01 Catalog Browse Users 1-2
2026-09-15 15:39:09,089 INFO o.a.j.t.JMeterThread: Thread finished: REQ-BRW-01 Catalog Browse Users 1-2
2026-09-15 15:39:10,025 INFO o.a.j.t.JMeterThread: Thread is done: REQ-BRW-01 Catalog Browse Users 1-3
2026-09-15 15:39:10,025 INFO o.a.j.t.JMeterThread: Thread finished: REQ-BRW-01 Catalog Browse Users 1-3
2026-09-15 15:39:11,190 INFO o.a.j.t.JMeterThread: Thread is done: REQ-BRW-01 Catalog Browse Users 1-4
2026-09-15 15:39:11,190 INFO o.a.j.t.JMeterThread: Thread finished: REQ-BRW-01 Catalog Browse Users 1-4
2026-09-15 15:39:11,905 INFO o.a.j.t.JMeterThread: Thread is done: REQ-BRW-01 Catalog Browse Users 1-5
2026-09-15 15:39:11,905 INFO o.a.j.t.JMeterThread: Thread finished: REQ-BRW-01 Catalog Browse Users 1-5
2026-09-15 15:39:11,921 INFO o.a.j.e.StandardJMeterEngine: Notifying test listeners of end of test
2026-09-15 15:39:11,921 INFO o.a.j.r.Summariser: summary +     22 in 00:00:12 =    1.9/s Avg:   473 Min:   434 Max:   528 Err:     0 (0.00%) Active: 0 Started: 5 Finished: 5
2026-09-15 15:39:11,921 INFO o.a.j.r.Summariser: summary =     30 in 00:00:19 =    1.6/s Avg:   571 Min:   434 Max:  1423 Err:     0 (0.00%)
